// Vitest Snapshot v1, https://vitest.dev/guide/snapshot.html

exports[`Train > toJSON > returns all attributes 1`] = `
{
  "destination": {
    "id": 30182,
    "name": "Midway",
  },
  "location": {
    "heading": 269,
    "latitude": 41.87685,
    "longitude": -87.6327,
  },
  "prediction": {
    "arrivalMinutes": 1,
    "arrivalString": "2:50 PM",
    "arrivalTime": 2014-10-07T19:50:27.000Z,
    "predictionAge": 60,
    "predictionTime": 2014-10-07T19:49:27.000Z,
  },
  "route": {
    "class": "orange",
    "directionId": 5,
    "id": "Org",
    "name": "Orange",
    "run": 715,
  },
  "station": {
    "id": 40160,
    "name": "LaSalle/Van Buren",
    "stop": {
      "description": "Service at Inner Loop platform",
      "id": 30031,
    },
  },
  "status": {
    "approaching": true,
    "delayed": false,
    "faulty": false,
    "scheduled": false,
  },
}
`;
